stm32f4xx_it.c:56:6:NMI_Handler	4	static
stm32f4xx_it.c:65:6:HardFault_Handler	4	static
stm32f4xx_it.c:78:6:MemManage_Handler	4	static
stm32f4xx_it.c:91:6:BusFault_Handler	4	static
stm32f4xx_it.c:104:6:UsageFault_Handler	4	static
stm32f4xx_it.c:117:6:SVC_Handler	4	static
stm32f4xx_it.c:126:6:DebugMon_Handler	4	static
stm32f4xx_it.c:135:6:PendSV_Handler	4	static
stm32f4xx_it.c:144:6:SysTick_Handler	4	static
stm32f4xx_it.c:153:6:EXTI0_IRQHandler	8	static
stm32f4xx_it.c:163:6:EXTI1_IRQHandler	8	static
stm32f4xx_it.c:172:6:EXTI2_IRQHandler	8	static
stm32f4xx_it.c:184:6:EXTI3_IRQHandler	8	static
stm32f4xx_it.c:191:6:EXTI9_5_IRQHandler	8	static
stm32f4xx_it.c:204:6:EXTI15_10_IRQHandler	8	static
stm32f4xx_it.c:215:6:TIM3_IRQHandler	8	static
stm32f4xx_it.c:224:6:TIM4_IRQHandler	8	static
stm32f4xx_it.c:232:6:ADC_IRQHandler	8	static
