stm32f4xx_it.c:56:6:NMI_Handler	4	static
stm32f4xx_it.c:65:6:HardFault_Handler	4	static
stm32f4xx_it.c:78:6:MemManage_Handler	4	static
stm32f4xx_it.c:91:6:BusFault_Handler	4	static
stm32f4xx_it.c:104:6:UsageFault_Handler	4	static
stm32f4xx_it.c:117:6:SVC_Handler	4	static
stm32f4xx_it.c:126:6:DebugMon_Handler	4	static
stm32f4xx_it.c:135:6:PendSV_Handler	4	static
stm32f4xx_it.c:144:6:SysTick_Handler	4	static
stm32f4xx_it.c:150:6:TIM2_IRQHandler	8	static
stm32f4xx_it.c:161:6:ADC_IRQHandler	8	static
